// Jest Snapshot v1, https://goo.gl/fbAQLP

exports[`<ContainerDefault /> renders correctly 1`] = `
<View>
  <View
    style={
      Array [
        Object {
          "flex": 1,
        },
      ]
    }
  >
    <View />
  </View>
</View>
`;
